                                                                       Cells by Function                                                                        
┏━━━━━━━━━━━━━━━━━━━━━━━━━━━━━━━━━━━━━━━━━━━━━━━━━━━━━━━━━━━━━━━━━━━━━━━━━━━━━━━━━━━━━━━━━━━━━━━━━━━━━━━━━━━━━━━━━━━━━━━━━━━━━━━━┳━━━━━━━━━━━━━━━━━━━━━━━━━━━━━┓
┃ Cell Function                                                                                                                  ┃ Count                       ┃
┡━━━━━━━━━━━━━━━━━━━━━━━━━━━━━━━━━━━━━━━━━━━━━━━━━━━━━━━━━━━━━━━━━━━━━━━━━━━━━━━━━━━━━━━━━━━━━━━━━━━━━━━━━━━━━━━━━━━━━━━━━━━━━━━━╇━━━━━━━━━━━━━━━━━━━━━━━━━━━━━┩
│ sky130_fd_sc_hd__a211o                                                                                                         │ 3                           │
│ sky130_fd_sc_hd__a21o                                                                                                          │ 2                           │
│ sky130_fd_sc_hd__a21oi                                                                                                         │ 3                           │
│ sky130_fd_sc_hd__a31o                                                                                                          │ 1                           │
│ sky130_fd_sc_hd__a31oi                                                                                                         │ 1                           │
│ sky130_fd_sc_hd__and2                                                                                                          │ 5                           │
│ sky130_fd_sc_hd__and2b                                                                                                         │ 4                           │
│ sky130_fd_sc_hd__and3                                                                                                          │ 2                           │
│ sky130_fd_sc_hd__and4                                                                                                          │ 1                           │
│ sky130_fd_sc_hd__and4b                                                                                                         │ 1                           │
│ sky130_fd_sc_hd__and4bb                                                                                                        │ 2                           │
│ sky130_fd_sc_hd__buf                                                                                                           │ 11                          │
│ sky130_fd_sc_hd__clkbuf                                                                                                        │ 39                          │
│ sky130_fd_sc_hd__clkinv                                                                                                        │ 2                           │
│ sky130_fd_sc_hd__decap                                                                                                         │ 391                         │
│ sky130_fd_sc_hd__dfrtp                                                                                                         │ 14                          │
│ sky130_fd_sc_hd__dfstp                                                                                                         │ 16                          │
│ sky130_fd_sc_hd__dlygate4sd3                                                                                                   │ 9                           │
│ sky130_fd_sc_hd__fill                                                                                                          │ 96                          │
│ sky130_fd_sc_hd__inv                                                                                                           │ 5                           │
│ sky130_fd_sc_hd__mux2                                                                                                          │ 8                           │
│ sky130_fd_sc_hd__nand2                                                                                                         │ 1                           │
│ sky130_fd_sc_hd__nand2b                                                                                                        │ 1                           │
│ sky130_fd_sc_hd__nor2                                                                                                          │ 7                           │
│ sky130_fd_sc_hd__o21a                                                                                                          │ 5                           │
│ sky130_fd_sc_hd__o21ai                                                                                                         │ 4                           │
│ sky130_fd_sc_hd__o21ba                                                                                                         │ 1                           │
│ sky130_fd_sc_hd__o22a                                                                                                          │ 2                           │
│ sky130_fd_sc_hd__o31a                                                                                                          │ 2                           │
│ sky130_fd_sc_hd__or2                                                                                                           │ 11                          │
│ sky130_fd_sc_hd__or3                                                                                                           │ 4                           │
│ sky130_fd_sc_hd__or4b                                                                                                          │ 1                           │
│ sky130_fd_sc_hd__or4bb                                                                                                         │ 2                           │
│ sky130_fd_sc_hd__tapvpwrvgnd                                                                                                   │ 48                          │
└────────────────────────────────────────────────────────────────────────────────────────────────────────────────────────────────┴─────────────────────────────┘
