Clock: clk
Sources: clk 
Generated: no
Virtual: yes
Propagated: no
Period: 50.000000

===========================================================================
report_clock_properties
============================================================================
Clock                   Period          Waveform
----------------------------------------------------
clk                  50.000000    0.000000 25.000000

===========================================================================
report_clock_latency
============================================================================
Clock clk
rise -> rise
    min     max
0.000000 0.000000 source latency
0.505419         network latency _161_/CLK
        0.511852 network latency _172_/CLK
---------------
0.505419 0.511852 latency
        0.006433 skew

fall -> fall
    min     max
0.000000 0.000000 source latency
0.483800         network latency _161_/CLK
        0.489722 network latency _172_/CLK
---------------
0.483800 0.489722 latency
        0.005922 skew



===========================================================================
report_clock_min_period
============================================================================
clk period_min = 2.21 fmax = 452.35
