
===========================================================================
 report_power
============================================================================
======================= max_tt_025C_1v80 Corner ===================================

Group                    Internal    Switching      Leakage        Total
                            Power        Power        Power        Power (Watts)
------------------------------------------------------------------------
Sequential           2.522787e-05 4.385998e-07 3.184648e-10 2.566679e-05  35.3%
Combinational        1.350202e-06 3.162774e-06 3.345320e-10 4.513311e-06   6.2%
Clock                2.872460e-05 1.382337e-05 2.318794e-09 4.255028e-05  58.5%
Macro                0.000000e+00 0.000000e+00 0.000000e+00 0.000000e+00   0.0%
Pad                  0.000000e+00 0.000000e+00 0.000000e+00 0.000000e+00   0.0%
------------------------------------------------------------------------
Total                5.530268e-05 1.742474e-05 2.971793e-09 7.273038e-05 100.0%
                            76.0%        24.0%         0.0%

