Clock: clk
Sources: clk 
Generated: no
Virtual: yes
Propagated: no
Period: 50.000000

===========================================================================
report_clock_properties
============================================================================
Clock                   Period          Waveform
----------------------------------------------------
clk                  50.000000    0.000000 25.000000

===========================================================================
report_clock_latency
============================================================================
Clock clk
rise -> rise
    min     max
0.000000 0.000000 source latency
0.476589         network latency _159_/CLK
        0.480558 network latency _167_/CLK
---------------
0.476589 0.480558 latency
        0.003968 skew

fall -> fall
    min     max
0.000000 0.000000 source latency
0.466239         network latency _159_/CLK
        0.469591 network latency _167_/CLK
---------------
0.466239 0.469591 latency
        0.003352 skew



===========================================================================
report_clock_min_period
============================================================================
clk period_min = 2.18 fmax = 458.28
