Clock: clk
Sources: clk 
Generated: no
Virtual: yes
Propagated: no
Period: 50.000000

===========================================================================
report_clock_properties
============================================================================
Clock                   Period          Waveform
----------------------------------------------------
clk                  50.000000    0.000000 25.000000

===========================================================================
report_clock_latency
============================================================================
Clock clk
rise -> rise
    min     max
0.000000 0.000000 source latency
0.341477         network latency _161_/CLK
        0.344463 network latency _172_/CLK
---------------
0.341477 0.344463 latency
        0.002986 skew

fall -> fall
    min     max
0.000000 0.000000 source latency
0.324883         network latency _161_/CLK
        0.327459 network latency _172_/CLK
---------------
0.324883 0.327459 latency
        0.002576 skew



===========================================================================
report_clock_min_period
============================================================================
clk period_min = 1.44 fmax = 693.84
