
===========================================================================
 report_power
============================================================================
======================= min_ff_n40C_1v95 Corner ===================================

Group                    Internal    Switching      Leakage        Total
                            Power        Power        Power        Power (Watts)
------------------------------------------------------------------------
Sequential           2.934603e-05 4.869796e-07 5.920003e-10 2.983360e-05  35.7%
Combinational        1.492276e-06 3.639803e-06 7.036459e-10 5.132783e-06   6.1%
Clock                3.285736e-05 1.572173e-05 3.130517e-09 4.858223e-05  58.1%
Macro                0.000000e+00 0.000000e+00 0.000000e+00 0.000000e+00   0.0%
Pad                  0.000000e+00 0.000000e+00 0.000000e+00 0.000000e+00   0.0%
------------------------------------------------------------------------
Total                6.369566e-05 1.984851e-05 4.426168e-09 8.354860e-05 100.0%
                            76.2%        23.8%         0.0%

