
===========================================================================
 report_power
============================================================================
======================= nom_tt_025C_1v80 Corner ===================================

Group                    Internal    Switching      Leakage        Total
                            Power        Power        Power        Power (Watts)
------------------------------------------------------------------------
Sequential           2.526485e-05 3.323105e-07 3.184648e-10 2.559748e-05  33.5%
Combinational        1.179016e-06 2.908862e-06 3.043002e-10 4.088182e-06   5.4%
Clock                3.500968e-05 1.162796e-05 2.423520e-10 4.663788e-05  61.1%
Macro                0.000000e+00 0.000000e+00 0.000000e+00 0.000000e+00   0.0%
Pad                  0.000000e+00 0.000000e+00 0.000000e+00 0.000000e+00   0.0%
------------------------------------------------------------------------
Total                6.145355e-05 1.486914e-05 8.651163e-10 7.632354e-05 100.0%
                            80.5%        19.5%         0.0%
Writing metric power__internal__total: 6.145354564068839e-5
Writing metric power__switching__total: 1.4869135156914126e-5
Writing metric power__leakage__total: 8.651163119210992e-10
Writing metric power__total: 7.63235439080745e-5

