
===========================================================================
report_checks -unconstrained
===========================================================================
======================= max_tt_025C_1v80 Corner ===================================

Startpoint: rst_n (input port clocked by clk)
Endpoint: _179_ (recovery check against rising-edge clock clk)
Path Group: asynchronous
Path Type: max

Fanout         Cap        Slew       Delay        Time   Description
---------------------------------------------------------------------------------------------
                                  0.000000    0.000000   clock clk (rise edge)
                                  0.000000    0.000000   clock network delay (propagated)
                                 10.000000   10.000000 ^ input external delay
     1    0.004015    0.025013    0.014631   10.014631 ^ rst_n (in)
                                                         rst_n (net)
                      0.025015    0.000000   10.014631 ^ fanout12/A (sky130_fd_sc_hd__clkbuf_1)
     4    0.016649    0.200254    0.182846   10.197477 ^ fanout12/X (sky130_fd_sc_hd__clkbuf_1)
                                                         net12 (net)
                      0.200255    0.000363   10.197840 ^ place50/A (sky130_fd_sc_hd__buf_1)
     7    0.029570    0.347853    0.324404   10.522243 ^ place50/X (sky130_fd_sc_hd__buf_1)
                                                         net50 (net)
                      0.347862    0.001525   10.523768 ^ place51/A (sky130_fd_sc_hd__clkbuf_1)
     2    0.007815    0.101139    0.169055   10.692823 ^ place51/X (sky130_fd_sc_hd__clkbuf_1)
                                                         net51 (net)
                      0.101139    0.000438   10.693262 ^ max_cap30/A (sky130_fd_sc_hd__buf_2)
     8    0.037050    0.182638    0.226499   10.919761 ^ max_cap30/X (sky130_fd_sc_hd__buf_2)
                                                         net31 (net)
                      0.182753    0.003781   10.923541 ^ _179_/SET_B (sky130_fd_sc_hd__dfstp_1)
                                             10.923541   data arrival time

                                 50.000000   50.000000   clock clk (rise edge)
                                  0.000000   50.000000   clock source latency
     2    0.025009    0.117748    0.082053   50.082050 ^ clk (in)
                                                         clk (net)
                      0.117806    0.000000   50.082050 ^ clkbuf_regs_0_clk/A (sky130_fd_sc_hd__clkbuf_16)
     1    0.008933    0.032494    0.141597   50.223648 ^ clkbuf_regs_0_clk/X (sky130_fd_sc_hd__clkbuf_16)
                                                         clk_regs (net)
                      0.032497    0.000675   50.224323 ^ clkbuf_0_clk_regs/A (sky130_fd_sc_hd__clkbuf_16)
     4    0.043221    0.062554    0.139309   50.363632 ^ clkbuf_0_clk_regs/X (sky130_fd_sc_hd__clkbuf_16)
                                                         clknet_0_clk_regs (net)
                      0.062613    0.001656   50.365288 ^ clkbuf_2_0__f_clk_regs/A (sky130_fd_sc_hd__clkbuf_16)
     9    0.028927    0.050090    0.139728   50.505016 ^ clkbuf_2_0__f_clk_regs/X (sky130_fd_sc_hd__clkbuf_16)
                                                         clknet_2_0__leaf_clk_regs (net)
                      0.050110    0.001414   50.506432 ^ _179_/CLK (sky130_fd_sc_hd__dfstp_1)
                                 -0.250000   50.256432   clock uncertainty
                                  0.000000   50.256432   clock reconvergence pessimism
                                  0.125661   50.382088   library recovery time
                                             50.382088   data required time
---------------------------------------------------------------------------------------------
                                             50.382088   data required time
                                            -10.923541   data arrival time
---------------------------------------------------------------------------------------------
                                             39.458549   slack (MET)


Startpoint: clk (clock source 'clk')
Endpoint: clk_comp (output port clocked by clk)
Path Group: clk
Path Type: max

Fanout         Cap        Slew       Delay        Time   Description
---------------------------------------------------------------------------------------------
                                 25.000000   25.000000   clock clk (fall edge)
                                  0.000000   25.000000   clock source latency
     2    0.023021    0.052816    0.037426   25.037426 v clk (in)
                                                         clk (net)
                      0.052905    0.000000   25.037426 v clkbuf_0_clk/A (sky130_fd_sc_hd__clkbuf_16)
     1    0.007223    0.028070    0.140247   25.177671 v clkbuf_0_clk/X (sky130_fd_sc_hd__clkbuf_16)
                                                         clknet_0_clk (net)
                      0.028073    0.000552   25.178225 v clkbuf_1_0__f_clk/A (sky130_fd_sc_hd__clkbuf_16)
     1    0.005750    0.027004    0.127438   25.305662 v clkbuf_1_0__f_clk/X (sky130_fd_sc_hd__clkbuf_16)
                                                         clknet_1_0__leaf_clk (net)
                      0.027006    0.000409   25.306070 v _092_/B (sky130_fd_sc_hd__nor2_2)
     1    0.004286    0.075482    0.074131   25.380201 ^ _092_/Y (sky130_fd_sc_hd__nor2_2)
                                                         net2 (net)
                      0.075482    0.000327   25.380529 ^ output2/A (sky130_fd_sc_hd__buf_1)
     1    0.035354    0.414559    0.346601   25.727129 ^ output2/X (sky130_fd_sc_hd__buf_1)
                                                         clk_comp (net)
                      0.414570    0.001842   25.728971 ^ clk_comp (out)
                                             25.728971   data arrival time

                                 50.000000   50.000000   clock clk (rise edge)
                                  0.000000   50.000000   clock network delay (propagated)
                                 -0.250000   49.749996   clock uncertainty
                                  0.000000   49.749996   clock reconvergence pessimism
                                -10.000000   39.749996   output external delay
                                             39.749996   data required time
---------------------------------------------------------------------------------------------
                                             39.749996   data required time
                                            -25.728971   data arrival time
---------------------------------------------------------------------------------------------
                                             14.021025   slack (MET)




===========================================================================
report_checks --slack_max -0.01
============================================================================
======================= max_tt_025C_1v80 Corner ===================================

No paths found.


===========================================================================
 report_check_types -max_slew -max_cap -max_fanout -violators
============================================================================
======================= max_tt_025C_1v80 Corner ===================================



===========================================================================
report_parasitic_annotation -report_unannotated
============================================================================
Found 4 unannotated drivers.
 out_comp_n
 clkload0/X
 clkload1/X
 clkload2/Y
Found 0 partially unannotated drivers.

===========================================================================
max slew violation count 0
max fanout violation count 0
max cap violation count 0
============================================================================

===========================================================================
check_setup -verbose -unconstrained_endpoints -multiple_clock -no_clock -no_input_delay -loops -generated_clocks
===========================================================================
