
===========================================================================
 report_power
============================================================================
======================= max_tt_025C_1v80 Corner ===================================

Group                    Internal    Switching      Leakage        Total
                            Power        Power        Power        Power (Watts)
------------------------------------------------------------------------
Sequential           2.524012e-05 4.024406e-07 3.184648e-10 2.564288e-05  32.6%
Combinational        1.384391e-06 3.135138e-06 3.404582e-10 4.519870e-06   5.7%
Clock                3.512186e-05 1.341498e-05 4.983151e-10 4.853734e-05  61.7%
Macro                0.000000e+00 0.000000e+00 0.000000e+00 0.000000e+00   0.0%
Pad                  0.000000e+00 0.000000e+00 0.000000e+00 0.000000e+00   0.0%
------------------------------------------------------------------------
Total                6.174637e-05 1.695256e-05 1.157241e-09 7.870008e-05 100.0%
                            78.5%        21.5%         0.0%

