Clock: clk
Sources: clk 
Generated: no
Virtual: yes
Propagated: no
Period: 50.000000

===========================================================================
report_clock_properties
============================================================================
Clock                   Period          Waveform
----------------------------------------------------
clk                  50.000000    0.000000 25.000000

===========================================================================
report_clock_latency
============================================================================
Clock clk
rise -> rise
    min     max
0.000000 0.000000 source latency
0.334178         network latency _157_/CLK
        0.339291 network latency _176_/CLK
---------------
0.334178 0.339291 latency
        0.005113 skew

fall -> fall
    min     max
0.000000 0.000000 source latency
0.320208         network latency _157_/CLK
        0.324640 network latency _176_/CLK
---------------
0.320208 0.324640 latency
        0.004432 skew



===========================================================================
report_clock_min_period
============================================================================
clk period_min = 1.44 fmax = 693.33
