
===========================================================================
 report_power
============================================================================
======================= max_ff_n40C_1v95 Corner ===================================

Group                    Internal    Switching      Leakage        Total
                            Power        Power        Power        Power (Watts)
------------------------------------------------------------------------
Sequential           2.934710e-05 4.830280e-07 5.920003e-10 2.983071e-05  32.7%
Combinational        1.534335e-06 3.696977e-06 7.545375e-10 5.232066e-06   5.7%
Clock                4.023327e-05 1.597402e-05 1.063795e-09 5.620835e-05  61.6%
Macro                0.000000e+00 0.000000e+00 0.000000e+00 0.000000e+00   0.0%
Pad                  0.000000e+00 0.000000e+00 0.000000e+00 0.000000e+00   0.0%
------------------------------------------------------------------------
Total                7.111469e-05 2.015403e-05 2.410331e-09 9.127112e-05 100.0%
                            77.9%        22.1%         0.0%

