
===========================================================================
 report_power
============================================================================
======================= nom_tt_025C_1v80 Corner ===================================

Group                    Internal    Switching      Leakage        Total
                            Power        Power        Power        Power (Watts)
------------------------------------------------------------------------
Sequential           2.548038e-05 2.208920e-06 3.092379e-10 2.768961e-05  87.3%
Combinational        7.818771e-07 7.463192e-07 2.603113e-10 1.528457e-06   4.8%
Clock                2.386913e-07 2.249746e-06 1.192511e-10 2.488556e-06   7.8%
Macro                0.000000e+00 0.000000e+00 0.000000e+00 0.000000e+00   0.0%
Pad                  0.000000e+00 0.000000e+00 0.000000e+00 0.000000e+00   0.0%
------------------------------------------------------------------------
Total                2.650095e-05 5.204984e-06 6.887997e-10 3.170662e-05 100.0%
                            83.6%        16.4%         0.0%
Writing metric power__internal__total: 2.6500945750740357e-5
Writing metric power__switching__total: 5.204984063311713e-6
Writing metric power__leakage__total: 6.887996839566313e-10
Writing metric power__total: 3.170661875628866e-5

