
===========================================================================
 report_power
============================================================================
======================= nom_tt_025C_1v80 Corner ===================================

Group                    Internal    Switching      Leakage        Total
                            Power        Power        Power        Power (Watts)
------------------------------------------------------------------------
Sequential           2.526372e-05 3.203210e-07 3.184648e-10 2.558436e-05  33.4%
Combinational        1.381595e-06 2.945673e-06 3.404582e-10 4.327608e-06   5.6%
Clock                3.501580e-05 1.173206e-05 2.423520e-10 4.674810e-05  61.0%
Macro                0.000000e+00 0.000000e+00 0.000000e+00 0.000000e+00   0.0%
Pad                  0.000000e+00 0.000000e+00 0.000000e+00 0.000000e+00   0.0%
------------------------------------------------------------------------
Total                6.166112e-05 1.499805e-05 9.012744e-10 7.666008e-05 100.0%
                            80.4%        19.6%         0.0%
Writing metric power__internal__total: 6.166112143546343e-5
Writing metric power__switching__total: 1.4998053302406333e-5
Writing metric power__leakage__total: 9.012743884539987e-10
Writing metric power__total: 7.666007877560332e-5

