
===========================================================================
report_checks -unconstrained
===========================================================================
======================= nom_ff_n40C_1v95 Corner ===================================

Startpoint: rst_n (input port clocked by clk)
Endpoint: _171_ (recovery check against rising-edge clock clk)
Path Group: asynchronous
Path Type: max

Fanout         Cap        Slew       Delay        Time   Description
---------------------------------------------------------------------------------------------
                                  0.000000    0.000000   clock clk (rise edge)
                                  0.000000    0.000000   clock network delay (propagated)
                                 10.000000   10.000000 ^ input external delay
     1    0.003210    0.015386    0.008319   10.008319 ^ rst_n (in)
                                                         rst_n (net)
                      0.015387    0.000000   10.008319 ^ input2/A (sky130_fd_sc_hd__buf_1)
     3    0.016708    0.149693    0.129133   10.137452 ^ input2/X (sky130_fd_sc_hd__buf_1)
                                                         net2 (net)
                      0.149694    0.000369   10.137820 ^ fanout12/A (sky130_fd_sc_hd__buf_1)
     6    0.027235    0.239016    0.203817   10.341638 ^ fanout12/X (sky130_fd_sc_hd__buf_1)
                                                         net12 (net)
                      0.239019    0.000707   10.342344 ^ fanout11/A (sky130_fd_sc_hd__clkbuf_1)
     5    0.024176    0.212875    0.184936   10.527280 ^ fanout11/X (sky130_fd_sc_hd__clkbuf_1)
                                                         net11 (net)
                      0.212876    0.000270   10.527550 ^ max_cap32/A (sky130_fd_sc_hd__clkbuf_2)
     6    0.031706    0.135502    0.168943   10.696493 ^ max_cap32/X (sky130_fd_sc_hd__clkbuf_2)
                                                         net41 (net)
                      0.135560    0.001061   10.697555 ^ _171_/SET_B (sky130_fd_sc_hd__dfstp_1)
                                             10.697555   data arrival time

                                 50.000000   50.000000   clock clk (rise edge)
                                  0.000000   50.000000   clock source latency
     2    0.024908    0.088054    0.060655   50.060654 ^ clk (in)
                                                         clk (net)
                      0.088080    0.000000   50.060654 ^ clkbuf_regs_0_clk/A (sky130_fd_sc_hd__clkbuf_16)
     1    0.008632    0.024495    0.092363   50.153019 ^ clkbuf_regs_0_clk/X (sky130_fd_sc_hd__clkbuf_16)
                                                         clk_regs (net)
                      0.024496    0.000270   50.153286 ^ clkbuf_0_clk_regs/A (sky130_fd_sc_hd__clkbuf_16)
     4    0.042839    0.047096    0.096360   50.249649 ^ clkbuf_0_clk_regs/X (sky130_fd_sc_hd__clkbuf_16)
                                                         clknet_0_clk_regs (net)
                      0.047130    0.001112   50.250759 ^ clkbuf_2_1__f_clk_regs/A (sky130_fd_sc_hd__clkbuf_16)
     8    0.026355    0.035530    0.093451   50.344212 ^ clkbuf_2_1__f_clk_regs/X (sky130_fd_sc_hd__clkbuf_16)
                                                         clknet_2_1__leaf_clk_regs (net)
                      0.035530    0.000156   50.344368 ^ _171_/CLK (sky130_fd_sc_hd__dfstp_1)
                                 -0.250000   50.094364   clock uncertainty
                                  0.000000   50.094364   clock reconvergence pessimism
                                  0.087946   50.182312   library recovery time
                                             50.182312   data required time
---------------------------------------------------------------------------------------------
                                             50.182312   data required time
                                            -10.697555   data arrival time
---------------------------------------------------------------------------------------------
                                             39.484756   slack (MET)


Startpoint: clk (clock source 'clk')
Endpoint: clk_comp (output port clocked by clk)
Path Group: clk
Path Type: max

Fanout         Cap        Slew       Delay        Time   Description
---------------------------------------------------------------------------------------------
                                 25.000000   25.000000   clock clk (fall edge)
                                  0.000000   25.000000   clock source latency
     2    0.022982    0.036371    0.024562   25.024561 v clk (in)
                                                         clk (net)
                      0.036409    0.000000   25.024561 v clkbuf_0_clk/A (sky130_fd_sc_hd__clkbuf_16)
     1    0.008084    0.021939    0.094083   25.118645 v clkbuf_0_clk/X (sky130_fd_sc_hd__clkbuf_16)
                                                         clknet_0_clk (net)
                      0.021940    0.000284   25.118929 v clkbuf_1_0__f_clk/A (sky130_fd_sc_hd__clkbuf_16)
     1    0.005413    0.020470    0.085970   25.204899 v clkbuf_1_0__f_clk/X (sky130_fd_sc_hd__clkbuf_16)
                                                         clknet_1_0__leaf_clk (net)
                      0.020470    0.000178   25.205076 v _092_/B (sky130_fd_sc_hd__nor2_2)
     1    0.002998    0.045160    0.043851   25.248928 ^ _092_/Y (sky130_fd_sc_hd__nor2_2)
                                                         net3 (net)
                      0.045160    0.000089   25.249016 ^ output3/A (sky130_fd_sc_hd__buf_1)
     1    0.034080    0.297920    0.237970   25.486986 ^ output3/X (sky130_fd_sc_hd__buf_1)
                                                         clk_comp (net)
                      0.297922    0.000673   25.487659 ^ clk_comp (out)
                                             25.487659   data arrival time

                                 50.000000   50.000000   clock clk (rise edge)
                                  0.000000   50.000000   clock network delay (propagated)
                                 -0.250000   49.749996   clock uncertainty
                                  0.000000   49.749996   clock reconvergence pessimism
                                -10.000000   39.749996   output external delay
                                             39.749996   data required time
---------------------------------------------------------------------------------------------
                                             39.749996   data required time
                                            -25.487659   data arrival time
---------------------------------------------------------------------------------------------
                                             14.262338   slack (MET)




===========================================================================
report_checks --slack_max -0.01
============================================================================
======================= nom_ff_n40C_1v95 Corner ===================================

No paths found.


===========================================================================
 report_check_types -max_slew -max_cap -max_fanout -violators
============================================================================
======================= nom_ff_n40C_1v95 Corner ===================================



===========================================================================
report_parasitic_annotation -report_unannotated
============================================================================
Found 4 unannotated drivers.
 out_comp_n
 clkload0/Y
 clkload1/Y
 clkload2/Y
Found 0 partially unannotated drivers.

===========================================================================
max slew violation count 0
max fanout violation count 0
max cap violation count 0
============================================================================

===========================================================================
check_setup -verbose -unconstrained_endpoints -multiple_clock -no_clock -no_input_delay -loops -generated_clocks
===========================================================================
