
===========================================================================
 report_power
============================================================================
======================= nom_ff_n40C_1v95 Corner ===================================

Group                    Internal    Switching      Leakage        Total
                            Power        Power        Power        Power (Watts)
------------------------------------------------------------------------
Sequential           2.933996e-05 5.101215e-07 5.920003e-10 2.985067e-05  35.4%
Combinational        1.492914e-06 3.686160e-06 7.314914e-10 5.179806e-06   6.1%
Clock                3.289155e-05 1.633285e-05 2.027787e-09 4.922643e-05  58.4%
Macro                0.000000e+00 0.000000e+00 0.000000e+00 0.000000e+00   0.0%
Pad                  0.000000e+00 0.000000e+00 0.000000e+00 0.000000e+00   0.0%
------------------------------------------------------------------------
Total                6.372439e-05 2.052913e-05 3.351277e-09 8.425688e-05 100.0%
                            75.6%        24.4%         0.0%

