
===========================================================================
 report_power
============================================================================
======================= nom_ff_n40C_1v95 Corner ===================================

Group                    Internal    Switching      Leakage        Total
                            Power        Power        Power        Power (Watts)
------------------------------------------------------------------------
Sequential           2.934189e-05 5.063403e-07 5.920003e-10 2.984882e-05  35.5%
Combinational        1.493472e-06 3.684717e-06 7.036459e-10 5.178892e-06   6.2%
Clock                3.287676e-05 1.607059e-05 3.130517e-09 4.895049e-05  58.3%
Macro                0.000000e+00 0.000000e+00 0.000000e+00 0.000000e+00   0.0%
Pad                  0.000000e+00 0.000000e+00 0.000000e+00 0.000000e+00   0.0%
------------------------------------------------------------------------
Total                6.371211e-05 2.026165e-05 4.426168e-09 8.397819e-05 100.0%
                            75.9%        24.1%         0.0%

