
===========================================================================
 report_power
============================================================================
======================= min_tt_025C_1v80 Corner ===================================

Group                    Internal    Switching      Leakage        Total
                            Power        Power        Power        Power (Watts)
------------------------------------------------------------------------
Sequential           2.523926e-05 4.061640e-07 3.184648e-10 2.564574e-05  35.6%
Combinational        1.349165e-06 3.086224e-06 3.345320e-10 4.435723e-06   6.2%
Clock                2.868810e-05 1.320999e-05 2.318794e-09 4.190041e-05  58.2%
Macro                0.000000e+00 0.000000e+00 0.000000e+00 0.000000e+00   0.0%
Pad                  0.000000e+00 0.000000e+00 0.000000e+00 0.000000e+00   0.0%
------------------------------------------------------------------------
Total                5.527652e-05 1.670238e-05 2.971793e-09 7.198186e-05 100.0%
                            76.8%        23.2%         0.0%

