
===========================================================================
 report_power
============================================================================
======================= nom_ss_100C_1v60 Corner ===================================

Group                    Internal    Switching      Leakage        Total
                            Power        Power        Power        Power (Watts)
------------------------------------------------------------------------
Sequential           1.951900e-05 1.638065e-06 6.085897e-07 2.176566e-05  87.0%
Combinational        7.169024e-07 2.299828e-07 3.741993e-07 1.321084e-06   5.3%
Clock                2.140028e-07 1.712231e-06 3.772869e-09 1.930006e-06   7.7%
Macro                0.000000e+00 0.000000e+00 0.000000e+00 0.000000e+00   0.0%
Pad                  0.000000e+00 0.000000e+00 0.000000e+00 0.000000e+00   0.0%
------------------------------------------------------------------------
Total                2.044991e-05 3.580279e-06 9.865616e-07 2.501675e-05 100.0%
                            81.7%        14.3%         3.9%

