Clock: clk
Sources: clk 
Generated: no
Virtual: yes
Propagated: no
Period: 50.000000

===========================================================================
report_clock_properties
============================================================================
Clock                   Period          Waveform
----------------------------------------------------
clk                  50.000000    0.000000 25.000000

===========================================================================
report_clock_latency
============================================================================
Clock clk
rise -> rise
    min     max
0.000000 0.000000 source latency
0.493319         network latency _171_/CLK
        0.496975 network latency _178_/CLK
---------------
0.493319 0.496975 latency
        0.003656 skew

fall -> fall
    min     max
0.000000 0.000000 source latency
0.476433         network latency _171_/CLK
        0.479874 network latency _178_/CLK
---------------
0.476433 0.479874 latency
        0.003441 skew



===========================================================================
report_clock_min_period
============================================================================
clk period_min = 2.21 fmax = 452.81
