Clock: clk
Sources: clk 
Generated: no
Virtual: yes
Propagated: no
Period: 50.000000

===========================================================================
report_clock_properties
============================================================================
Clock                   Period          Waveform
----------------------------------------------------
clk                  50.000000    0.000000 25.000000

===========================================================================
report_clock_latency
============================================================================
Clock clk
rise -> rise
    min     max
0.000000 0.000000 source latency
0.882122         network latency _161_/CLK
        0.889830 network latency _172_/CLK
---------------
0.882122 0.889830 latency
        0.007709 skew

fall -> fall
    min     max
0.000000 0.000000 source latency
0.868786         network latency _161_/CLK
        0.875257 network latency _172_/CLK
---------------
0.868786 0.875257 latency
        0.006471 skew



===========================================================================
report_clock_min_period
============================================================================
clk period_min = 4.37 fmax = 228.86
