
===========================================================================
 report_power
============================================================================
======================= max_ff_n40C_1v95 Corner ===================================

Group                    Internal    Switching      Leakage        Total
                            Power        Power        Power        Power (Watts)
------------------------------------------------------------------------
Sequential           2.933535e-05 5.250466e-07 5.920003e-10 2.986098e-05  35.4%
Combinational        1.494548e-06 3.729645e-06 7.036459e-10 5.224896e-06   6.2%
Clock                3.289697e-05 1.644160e-05 3.130517e-09 4.934170e-05  58.4%
Macro                0.000000e+00 0.000000e+00 0.000000e+00 0.000000e+00   0.0%
Pad                  0.000000e+00 0.000000e+00 0.000000e+00 0.000000e+00   0.0%
------------------------------------------------------------------------
Total                6.372687e-05 2.069628e-05 4.426168e-09 8.442758e-05 100.0%
                            75.5%        24.5%         0.0%

