
===========================================================================
 report_power
============================================================================
======================= min_ss_100C_1v60 Corner ===================================

Group                    Internal    Switching      Leakage        Total
                            Power        Power        Power        Power (Watts)
------------------------------------------------------------------------
Sequential           1.952181e-05 2.891674e-07 6.061819e-07 2.041716e-05  32.3%
Combinational        1.130589e-06 2.384697e-06 5.860599e-07 4.101346e-06   6.5%
Clock                2.859495e-05 9.979801e-06 1.983641e-07 3.877311e-05  61.3%
Macro                0.000000e+00 0.000000e+00 0.000000e+00 0.000000e+00   0.0%
Pad                  0.000000e+00 0.000000e+00 0.000000e+00 0.000000e+00   0.0%
------------------------------------------------------------------------
Total                4.924734e-05 1.265367e-05 1.390607e-06 6.329162e-05 100.0%
                            77.8%        20.0%         2.2%

