
===========================================================================
 report_power
============================================================================
======================= min_tt_025C_1v80 Corner ===================================

Group                    Internal    Switching      Leakage        Total
                            Power        Power        Power        Power (Watts)
------------------------------------------------------------------------
Sequential           2.525047e-05 3.732934e-07 3.184648e-10 2.562408e-05  32.9%
Combinational        1.383478e-06 3.060881e-06 3.404582e-10 4.444700e-06   5.7%
Clock                3.508857e-05 1.279813e-05 4.983151e-10 4.788719e-05  61.4%
Macro                0.000000e+00 0.000000e+00 0.000000e+00 0.000000e+00   0.0%
Pad                  0.000000e+00 0.000000e+00 0.000000e+00 0.000000e+00   0.0%
------------------------------------------------------------------------
Total                6.172252e-05 1.623230e-05 1.157241e-09 7.795598e-05 100.0%
                            79.2%        20.8%         0.0%

