
===========================================================================
 report_power
============================================================================
======================= nom_ff_n40C_1v95 Corner ===================================

Group                    Internal    Switching      Leakage        Total
                            Power        Power        Power        Power (Watts)
------------------------------------------------------------------------
Sequential           3.005309e-05 2.440874e-06 5.765506e-10 3.249454e-05  88.6%
Combinational        9.877907e-07 3.648271e-07 5.178478e-10 1.353136e-06   3.7%
Clock                2.764972e-07 2.543264e-06 6.258600e-12 2.819768e-06   7.7%
Macro                0.000000e+00 0.000000e+00 0.000000e+00 0.000000e+00   0.0%
Pad                  0.000000e+00 0.000000e+00 0.000000e+00 0.000000e+00   0.0%
------------------------------------------------------------------------
Total                3.131738e-05 5.348965e-06 1.100657e-09 3.666745e-05 100.0%
                            85.4%        14.6%         0.0%

