
===========================================================================
 report_power
============================================================================
======================= min_tt_025C_1v80 Corner ===================================

Group                    Internal    Switching      Leakage        Total
                            Power        Power        Power        Power (Watts)
------------------------------------------------------------------------
Sequential           2.523684e-05 4.084924e-07 3.184648e-10 2.564565e-05  35.5%
Combinational        1.349858e-06 3.086011e-06 3.372430e-10 4.436206e-06   6.1%
Clock                2.870081e-05 1.341279e-05 1.379173e-09 4.211497e-05  58.3%
Macro                0.000000e+00 0.000000e+00 0.000000e+00 0.000000e+00   0.0%
Pad                  0.000000e+00 0.000000e+00 0.000000e+00 0.000000e+00   0.0%
------------------------------------------------------------------------
Total                5.528750e-05 1.690729e-05 2.034882e-09 7.219682e-05 100.0%
                            76.6%        23.4%         0.0%

