
===========================================================================
 report_power
============================================================================
======================= max_ff_n40C_1v95 Corner ===================================

Group                    Internal    Switching      Leakage        Total
                            Power        Power        Power        Power (Watts)
------------------------------------------------------------------------
Sequential           2.933481e-05 5.313734e-07 5.920003e-10 2.986677e-05  35.3%
Combinational        1.493916e-06 3.730548e-06 7.314914e-10 5.225195e-06   6.2%
Clock                3.290760e-05 1.670440e-05 2.027787e-09 4.961402e-05  58.6%
Macro                0.000000e+00 0.000000e+00 0.000000e+00 0.000000e+00   0.0%
Pad                  0.000000e+00 0.000000e+00 0.000000e+00 0.000000e+00   0.0%
------------------------------------------------------------------------
Total                6.373633e-05 2.096632e-05 3.351277e-09 8.470601e-05 100.0%
                            75.2%        24.8%         0.0%

