
===========================================================================
 report_power
============================================================================
======================= nom_ss_100C_1v60 Corner ===================================

Group                    Internal    Switching      Leakage        Total
                            Power        Power        Power        Power (Watts)
------------------------------------------------------------------------
Sequential           1.951096e-05 3.004380e-07 6.061819e-07 2.041758e-05  32.1%
Combinational        1.130806e-06 2.413231e-06 5.860599e-07 4.130097e-06   6.5%
Clock                2.861297e-05 1.021795e-05 1.983641e-07 3.902928e-05  61.4%
Macro                0.000000e+00 0.000000e+00 0.000000e+00 0.000000e+00   0.0%
Pad                  0.000000e+00 0.000000e+00 0.000000e+00 0.000000e+00   0.0%
------------------------------------------------------------------------
Total                4.925472e-05 1.293162e-05 1.390607e-06 6.357695e-05 100.0%
                            77.5%        20.3%         2.2%

