
===========================================================================
 report_power
============================================================================
======================= nom_ss_100C_1v60 Corner ===================================

Group                    Internal    Switching      Leakage        Total
                            Power        Power        Power        Power (Watts)
------------------------------------------------------------------------
Sequential           1.947287e-05 3.309421e-07 6.061819e-07 2.040999e-05  34.7%
Combinational        1.105664e-06 2.435821e-06 5.852569e-07 4.126741e-06   7.0%
Clock                2.340270e-05 1.071568e-05 1.765991e-07 3.429498e-05  58.3%
Macro                0.000000e+00 0.000000e+00 0.000000e+00 0.000000e+00   0.0%
Pad                  0.000000e+00 0.000000e+00 0.000000e+00 0.000000e+00   0.0%
------------------------------------------------------------------------
Total                4.398123e-05 1.348244e-05 1.368039e-06 5.883172e-05 100.0%
                            74.8%        22.9%         2.3%

