Clock: clk
Sources: clk 
Generated: no
Virtual: yes
Propagated: no
Period: 50.000000

===========================================================================
report_clock_properties
============================================================================
Clock                   Period          Waveform
----------------------------------------------------
clk                  50.000000    0.000000 25.000000

===========================================================================
report_clock_latency
============================================================================
Clock clk
rise -> rise
    min     max
0.000000 0.000000 source latency
0.871288         network latency _171_/CLK
        0.877036 network latency _178_/CLK
---------------
0.871288 0.877036 latency
        0.005747 skew

fall -> fall
    min     max
0.000000 0.000000 source latency
0.861638         network latency _171_/CLK
        0.866731 network latency _178_/CLK
---------------
0.861638 0.866731 latency
        0.005093 skew



===========================================================================
report_clock_min_period
============================================================================
clk period_min = 4.36 fmax = 229.36
