
===========================================================================
 report_power
============================================================================
======================= nom_tt_025C_1v80 Corner ===================================

Group                    Internal    Switching      Leakage        Total
                            Power        Power        Power        Power (Watts)
------------------------------------------------------------------------
Sequential           2.525306e-05 3.515678e-07 3.184648e-10 2.560495e-05  36.2%
Combinational        1.346757e-06 2.981825e-06 3.345320e-10 4.328916e-06   6.1%
Clock                2.861494e-05 1.221580e-05 2.743178e-10 4.083102e-05  57.7%
Macro                0.000000e+00 0.000000e+00 0.000000e+00 0.000000e+00   0.0%
Pad                  0.000000e+00 0.000000e+00 0.000000e+00 0.000000e+00   0.0%
------------------------------------------------------------------------
Total                5.521476e-05 1.554919e-05 9.273137e-10 7.076488e-05 100.0%
                            78.0%        22.0%         0.0%
Writing metric power__internal__total: 5.521476123249158e-5
Writing metric power__switching__total: 1.5549190720776096e-5
Writing metric power__leakage__total: 9.273137258070108e-10
Writing metric power__total: 7.076487963786349e-5

