Clock: clk
Sources: clk 
Generated: no
Virtual: yes
Propagated: no
Period: 50.000000

===========================================================================
report_clock_properties
============================================================================
Clock                   Period          Waveform
----------------------------------------------------
clk                  50.000000    0.000000 25.000000

===========================================================================
report_clock_latency
============================================================================
Clock clk
rise -> rise
    min     max
0.000000 0.000000 source latency
0.491865         network latency _160_/CLK
        0.495105 network latency _172_/CLK
---------------
0.491865 0.495105 latency
        0.003240 skew

fall -> fall
    min     max
0.000000 0.000000 source latency
0.475399         network latency _160_/CLK
        0.478330 network latency _172_/CLK
---------------
0.475399 0.478330 latency
        0.002931 skew



===========================================================================
report_clock_min_period
============================================================================
clk period_min = 2.17 fmax = 460.42
