Clock: clk
Sources: clk 
Generated: no
Virtual: no
Propagated: no
Period: 50.000000

===========================================================================
report_clock_properties
============================================================================
Clock                   Period          Waveform
----------------------------------------------------
clk                  50.000000    0.000000 25.000000

===========================================================================
report_clock_latency
============================================================================
Clock clk
rise -> rise
    min     max
0.000000 0.000000 source latency
0.291837         network latency _150_/CLK
        0.291837 network latency _150_/CLK
---------------
0.291837 0.291837 latency
        0.000000 skew

fall -> fall
    min     max
0.000000 0.000000 source latency
0.162025         network latency _150_/CLK
        0.162025 network latency _150_/CLK
---------------
0.162025 0.162025 latency
        0.000000 skew



===========================================================================
report_clock_min_period
============================================================================
clk period_min = 2.91 fmax = 343.52
