Clock: clk
Sources: clk 
Generated: no
Virtual: yes
Propagated: no
Period: 50.000000

===========================================================================
report_clock_properties
============================================================================
Clock                   Period          Waveform
----------------------------------------------------
clk                  50.000000    0.000000 25.000000

===========================================================================
report_clock_latency
============================================================================
Clock clk
rise -> rise
    min     max
0.000000 0.000000 source latency
0.265383         network latency _164_/CLK
        0.266800 network latency _171_/CLK
---------------
0.265383 0.266800 latency
        0.001417 skew

fall -> fall
    min     max
0.000000 0.000000 source latency
0.127477         network latency _164_/CLK
        0.128798 network latency _170_/CLK
---------------
0.127477 0.128798 latency
        0.001322 skew



===========================================================================
report_clock_min_period
============================================================================
clk period_min = 2.14 fmax = 467.50
