
===========================================================================
 report_power
============================================================================
======================= nom_tt_025C_1v80 Corner ===================================

Group                    Internal    Switching      Leakage        Total
                            Power        Power        Power        Power (Watts)
------------------------------------------------------------------------
Sequential           2.548857e-05 2.223827e-06 3.092379e-10 2.771271e-05  87.3%
Combinational        7.820317e-07 7.517064e-07 2.603113e-10 1.533998e-06   4.8%
Clock                2.386900e-07 2.261312e-06 1.646115e-10 2.500167e-06   7.9%
Macro                0.000000e+00 0.000000e+00 0.000000e+00 0.000000e+00   0.0%
Pad                  0.000000e+00 0.000000e+00 0.000000e+00 0.000000e+00   0.0%
------------------------------------------------------------------------
Total                2.650930e-05 5.236845e-06 7.341600e-10 3.174688e-05 100.0%
                            83.5%        16.5%         0.0%
Writing metric power__internal__total: 2.6509296731092036e-5
Writing metric power__switching__total: 5.236845026956871e-6
Writing metric power__leakage__total: 7.341599550514388e-10
Writing metric power__total: 3.174687662976794e-5

