
===========================================================================
 report_power
============================================================================
======================= max_ss_100C_1v60 Corner ===================================

Group                    Internal    Switching      Leakage        Total
                            Power        Power        Power        Power (Watts)
------------------------------------------------------------------------
Sequential           1.946168e-05 3.452497e-07 6.061819e-07 2.041311e-05  34.5%
Combinational        1.105729e-06 2.465704e-06 5.852569e-07 4.156690e-06   7.0%
Clock                2.341887e-05 1.096582e-05 1.765991e-07 3.456129e-05  58.4%
Macro                0.000000e+00 0.000000e+00 0.000000e+00 0.000000e+00   0.0%
Pad                  0.000000e+00 0.000000e+00 0.000000e+00 0.000000e+00   0.0%
------------------------------------------------------------------------
Total                4.398628e-05 1.377677e-05 1.368039e-06 5.913110e-05 100.0%
                            74.4%        23.3%         2.3%

