
===========================================================================
 report_power
============================================================================
======================= nom_tt_025C_1v80 Corner ===================================

Group                    Internal    Switching      Leakage        Total
                            Power        Power        Power        Power (Watts)
------------------------------------------------------------------------
Sequential           2.523444e-05 4.226606e-07 3.184648e-10 2.565742e-05  35.5%
Combinational        1.349778e-06 3.124494e-06 3.345320e-10 4.474606e-06   6.2%
Clock                2.870721e-05 1.350724e-05 2.318794e-09 4.221677e-05  58.4%
Macro                0.000000e+00 0.000000e+00 0.000000e+00 0.000000e+00   0.0%
Pad                  0.000000e+00 0.000000e+00 0.000000e+00 0.000000e+00   0.0%
------------------------------------------------------------------------
Total                5.529142e-05 1.705440e-05 2.971793e-09 7.234879e-05 100.0%
                            76.4%        23.6%         0.0%

