
===========================================================================
report_checks -unconstrained
===========================================================================
======================= nom_tt_025C_1v80 Corner ===================================

Startpoint: rst_n (input port clocked by clk)
Endpoint: _179_ (recovery check against rising-edge clock clk)
Path Group: asynchronous
Path Type: max

Fanout         Cap        Slew       Delay        Time   Description
---------------------------------------------------------------------------------------------
                                  0.000000    0.000000   clock clk (rise edge)
                                  0.000000    0.000000   clock network delay (propagated)
                                 10.000000   10.000000 ^ input external delay
     1    0.003871    0.024385    0.014083   10.014083 ^ rst_n (in)
                                                         rst_n (net)
                      0.024386    0.000000   10.014083 ^ fanout12/A (sky130_fd_sc_hd__clkbuf_1)
     4    0.016338    0.196678    0.180292   10.194375 ^ fanout12/X (sky130_fd_sc_hd__clkbuf_1)
                                                         net12 (net)
                      0.196678    0.000202   10.194577 ^ place50/A (sky130_fd_sc_hd__buf_1)
     7    0.028775    0.338637    0.318389   10.512966 ^ place50/X (sky130_fd_sc_hd__buf_1)
                                                         net50 (net)
                      0.338638    0.000624   10.513590 ^ place51/A (sky130_fd_sc_hd__clkbuf_1)
     2    0.007596    0.098700    0.166827   10.680417 ^ place51/X (sky130_fd_sc_hd__clkbuf_1)
                                                         net51 (net)
                      0.098700    0.000188   10.680605 ^ max_cap30/A (sky130_fd_sc_hd__buf_2)
     8    0.036233    0.179578    0.223844   10.904449 ^ max_cap30/X (sky130_fd_sc_hd__buf_2)
                                                         net31 (net)
                      0.179661    0.001850   10.906300 ^ _179_/SET_B (sky130_fd_sc_hd__dfstp_1)
                                             10.906300   data arrival time

                                 50.000000   50.000000   clock clk (rise edge)
                                  0.000000   50.000000   clock source latency
     2    0.024118    0.114158    0.078863   50.078861 ^ clk (in)
                                                         clk (net)
                      0.114180    0.000000   50.078861 ^ clkbuf_regs_0_clk/A (sky130_fd_sc_hd__clkbuf_16)
     1    0.008779    0.032344    0.140183   50.219044 ^ clkbuf_regs_0_clk/X (sky130_fd_sc_hd__clkbuf_16)
                                                         clk_regs (net)
                      0.032344    0.000277   50.219322 ^ clkbuf_0_clk_regs/A (sky130_fd_sc_hd__clkbuf_16)
     4    0.042067    0.061567    0.138744   50.358067 ^ clkbuf_0_clk_regs/X (sky130_fd_sc_hd__clkbuf_16)
                                                         clknet_0_clk_regs (net)
                      0.061581    0.000846   50.358910 ^ clkbuf_2_0__f_clk_regs/A (sky130_fd_sc_hd__clkbuf_16)
     9    0.027847    0.049187    0.138837   50.497749 ^ clkbuf_2_0__f_clk_regs/X (sky130_fd_sc_hd__clkbuf_16)
                                                         clknet_2_0__leaf_clk_regs (net)
                      0.049189    0.000551   50.498299 ^ _179_/CLK (sky130_fd_sc_hd__dfstp_1)
                                 -0.250000   50.248299   clock uncertainty
                                  0.000000   50.248299   clock reconvergence pessimism
                                  0.125702   50.374001   library recovery time
                                             50.374001   data required time
---------------------------------------------------------------------------------------------
                                             50.374001   data required time
                                            -10.906300   data arrival time
---------------------------------------------------------------------------------------------
                                             39.467701   slack (MET)


Startpoint: clk (clock source 'clk')
Endpoint: clk_comp (output port clocked by clk)
Path Group: clk
Path Type: max

Fanout         Cap        Slew       Delay        Time   Description
---------------------------------------------------------------------------------------------
                                 25.000000   25.000000   clock clk (fall edge)
                                  0.000000   25.000000   clock source latency
     2    0.022130    0.050531    0.035788   25.035788 v clk (in)
                                                         clk (net)
                      0.050561    0.000000   25.035788 v clkbuf_0_clk/A (sky130_fd_sc_hd__clkbuf_16)
     1    0.007191    0.028035    0.139217   25.175005 v clkbuf_0_clk/X (sky130_fd_sc_hd__clkbuf_16)
                                                         clknet_0_clk (net)
                      0.028036    0.000213   25.175217 v clkbuf_1_0__f_clk/A (sky130_fd_sc_hd__clkbuf_16)
     1    0.005632    0.026913    0.127322   25.302540 v clkbuf_1_0__f_clk/X (sky130_fd_sc_hd__clkbuf_16)
                                                         clknet_1_0__leaf_clk (net)
                      0.026914    0.000187   25.302727 v _092_/B (sky130_fd_sc_hd__nor2_2)
     1    0.004135    0.074062    0.072985   25.375711 ^ _092_/Y (sky130_fd_sc_hd__nor2_2)
                                                         net2 (net)
                      0.074062    0.000147   25.375858 ^ output2/A (sky130_fd_sc_hd__buf_1)
     1    0.035239    0.413041    0.346089   25.721949 ^ output2/X (sky130_fd_sc_hd__buf_1)
                                                         clk_comp (net)
                      0.413043    0.000782   25.722729 ^ clk_comp (out)
                                             25.722729   data arrival time

                                 50.000000   50.000000   clock clk (rise edge)
                                  0.000000   50.000000   clock network delay (propagated)
                                 -0.250000   49.749996   clock uncertainty
                                  0.000000   49.749996   clock reconvergence pessimism
                                -10.000000   39.749996   output external delay
                                             39.749996   data required time
---------------------------------------------------------------------------------------------
                                             39.749996   data required time
                                            -25.722729   data arrival time
---------------------------------------------------------------------------------------------
                                             14.027267   slack (MET)




===========================================================================
report_checks --slack_max -0.01
============================================================================
======================= nom_tt_025C_1v80 Corner ===================================

No paths found.


===========================================================================
 report_check_types -max_slew -max_cap -max_fanout -violators
============================================================================
======================= nom_tt_025C_1v80 Corner ===================================



===========================================================================
report_parasitic_annotation -report_unannotated
============================================================================
Found 4 unannotated drivers.
 out_comp_n
 clkload0/X
 clkload1/X
 clkload2/Y
Found 0 partially unannotated drivers.

===========================================================================
max slew violation count 0
max fanout violation count 0
max cap violation count 0
============================================================================

===========================================================================
check_setup -verbose -unconstrained_endpoints -multiple_clock -no_clock -no_input_delay -loops -generated_clocks
===========================================================================
