
===========================================================================
 report_power
============================================================================
======================= nom_tt_025C_1v80 Corner ===================================

Group                    Internal    Switching      Leakage        Total
                            Power        Power        Power        Power (Watts)
------------------------------------------------------------------------
Sequential           2.524583e-05 3.875577e-07 3.184648e-10 2.563370e-05  32.7%
Combinational        1.384018e-06 3.096994e-06 3.404582e-10 4.481352e-06   5.7%
Clock                3.510811e-05 1.309954e-05 4.983151e-10 4.820814e-05  61.6%
Macro                0.000000e+00 0.000000e+00 0.000000e+00 0.000000e+00   0.0%
Pad                  0.000000e+00 0.000000e+00 0.000000e+00 0.000000e+00   0.0%
------------------------------------------------------------------------
Total                6.173796e-05 1.658409e-05 1.157241e-09 7.832320e-05 100.0%
                            78.8%        21.2%         0.0%

